[2026-05-08 10:20:19] [OPERATION] [用户:000000] [角色:管理员] [操作:登录] [详情:管理员登录成功]
[2026-05-08 10:43:14] [OPERATION] [用户:000000] [角色:管理员] [操作:登录] [详情:管理员登录成功]
[2026-05-08 10:49:52] [OPERATION] [用户:000000] [角色:管理员] [操作:登录] [详情:管理员登录成功]
[2026-05-08 10:50:39] [OPERATION] [用户:400000] [角色:患者] [操作:登录] [详情:患者登录成功]
[2026-05-08 10:57:55] [OPERATION] [用户:000000] [角色:管理员] [操作:登录] [详情:管理员登录成功]
[2026-05-08 11:10:41] [OPERATION] [用户:000000] [角色:管理员] [操作:登录] [详情:管理员登录成功]
[2026-05-08 11:54:03] [OPERATION] [用户:000000] [角色:管理员] [操作:登录] [详情:管理员登录成功]
[2026-05-08 11:55:12] [OPERATION] [用户:100000] [角色:医生] [操作:登录] [详情:医生登录成功]
[2026-05-08 11:56:49] [OPERATION] [用户:000000] [角色:管理员] [操作:登录] [详情:管理员登录成功]
[2026-05-08 12:02:55] [OPERATION] [用户:000000] [角色:管理员] [操作:登录] [详情:管理员登录成功]
[2026-05-08 12:04:01] [OPERATION] [用户:400000] [角色:患者] [操作:登录] [详情:患者登录成功]
[2026-05-08 12:09:29] [OPERATION] [用户:100000] [角色:医生] [操作:登录] [详情:医生登录成功]
[2026-05-08 12:24:10] [OPERATION] [用户:100000] [角色:医生] [操作:登录] [详情:医生登录成功]
[2026-05-08 12:33:20] [OPERATION] [用户:100000] [角色:医生] [操作:登录] [详情:医生登录成功]
[2026-05-08 12:40:25] [OPERATION] [用户:100000] [角色:医生] [操作:登录] [详情:医生登录成功]
[2026-05-08 13:08:22] [OPERATION] [用户:100000] [角色:医生] [操作:登录] [详情:医生登录成功]
[2026-05-08 13:08:43] [OPERATION] [用户:300000] [角色:药剂师] [操作:登录] [详情:药剂师登录成功]
[2026-05-08 13:09:03] [OPERATION] [用户:100000] [角色:医生] [操作:登录] [详情:医生登录成功]
[2026-05-08 13:16:07] [OPERATION] [用户:100000] [角色:医生] [操作:登录] [详情:医生登录成功]
[2026-05-08 13:17:48] [OPERATION] [用户:300000] [角色:药剂师] [操作:登录] [详情:药剂师登录成功]
[2026-05-08 13:18:22] [OPERATION] [用户:100000] [角色:医生] [操作:登录] [详情:医生登录成功]
[2026-05-08 13:19:54] [OPERATION] [用户:300000] [角色:药剂师] [操作:登录] [详情:药剂师登录成功]
[2026-05-08 13:32:12] [OPERATION] [用户:300000] [角色:药剂师] [操作:登录] [详情:药剂师登录成功]
[2026-05-08 13:36:52] [OPERATION] [用户:300000] [角色:药剂师] [操作:登录] [详情:药剂师登录成功]
[2026-05-08 13:37:23] [OPERATION] [用户:100000] [角色:医生] [操作:登录] [详情:医生登录成功]
[2026-05-08 13:37:51] [OPERATION] [用户:300000] [角色:药剂师] [操作:登录] [详情:药剂师登录成功]
[2026-05-08 13:43:13] [INFO] 系统退出，所有数据已保存
[2026-05-08 13:46:06] [OPERATION] [用户:300000] [角色:药剂师] [操作:登录] [详情:药剂师登录成功]
[2026-05-08 14:15:54] [OPERATION] [用户:300000] [角色:药剂师] [操作:登录] [详情:药剂师登录成功]
[2026-05-08 14:30:42] [OPERATION] [用户:400000] [角色:患者] [操作:登录] [详情:患者登录成功]
[2026-05-08 15:00:00] [OPERATION] [用户:400000] [角色:患者] [操作:登录] [详情:患者登录成功]
[2026-05-08 15:07:28] [OPERATION] [用户:300000] [角色:药剂师] [操作:登录] [详情:药剂师登录成功]
[2026-05-08 15:12:22] [OPERATION] [用户:400000] [角色:患者] [操作:登录] [详情:患者登录成功]
[2026-05-08 15:13:03] [OPERATION] [用户:100000] [角色:医生] [操作:登录] [详情:医生登录成功]
[2026-05-08 15:13:47] [OPERATION] [用户:200000] [角色:护士] [操作:登录] [详情:护士登录成功]
[2026-05-08 15:18:33] [OPERATION] [用户:400000] [角色:患者] [操作:登录] [详情:患者登录成功]
[2026-05-08 15:19:46] [OPERATION] [用户:200000] [角色:护士] [操作:登录] [详情:护士登录成功]
[2026-05-08 15:23:56] [OPERATION] [用户:400000] [角色:患者] [操作:登录] [详情:患者登录成功]
[2026-05-08 15:25:14] [OPERATION] [用户:100000] [角色:医生] [操作:登录] [详情:医生登录成功]
[2026-05-08 15:37:46] [OPERATION] [用户:100000] [角色:医生] [操作:登录] [详情:医生登录成功]
[2026-05-08 15:42:03] [OPERATION] [用户:400000] [角色:患者] [操作:登录] [详情:患者登录成功]
[2026-05-08 15:43:26] [OPERATION] [用户:200000] [角色:护士] [操作:登录] [详情:护士登录成功]
[2026-05-08 15:46:38] [OPERATION] [用户:000000] [角色:管理员] [操作:登录] [详情:管理员登录成功]
[2026-05-08 15:56:32] [INFO] 系统退出，所有数据已保存
[2026-05-08 15:57:17] [OPERATION] [用户:000000] [角色:管理员] [操作:登录] [详情:管理员登录成功]
[2026-05-08 15:59:04] [OPERATION] [用户:300000] [角色:药剂师] [操作:登录] [详情:药剂师登录成功]
[2026-05-08 16:00:11] [OPERATION] [用户:000000] [角色:管理员] [操作:登录] [详情:管理员登录成功]
[2026-05-08 16:01:44] [INFO] 系统退出，所有数据已保存
[2026-05-08 16:23:39] [OPERATION] [用户:000000] [角色:管理员] [操作:登录] [详情:管理员登录成功]
[2026-05-08 16:24:28] [OPERATION] [用户:300000] [角色:药剂师] [操作:登录] [详情:药剂师登录成功]
[2026-05-08 16:25:17] [INFO] 系统退出，所有数据已保存
[2026-05-08 17:10:47] [OPERATION] [用户:000000] [角色:管理员] [操作:登录] [详情:管理员登录成功]
[2026-05-08 17:12:58] [INFO] 系统退出，所有数据已保存
[2026-05-08 17:13:55] [OPERATION] [用户:300000] [角色:药剂师] [操作:登录] [详情:药剂师登录成功]
[2026-05-08 17:14:55] [OPERATION] [用户:300000] [角色:药剂师] [操作:登录] [详情:药剂师登录成功]
[2026-05-08 17:15:44] [OPERATION] [用户:400000] [角色:患者] [操作:登录] [详情:患者登录成功]
[2026-05-08 17:18:20] [OPERATION] [用户:000000] [角色:管理员] [操作:登录] [详情:管理员登录成功]
[2026-05-08 17:19:06] [OPERATION] [用户:400000] [角色:患者] [操作:登录] [详情:患者登录成功]
[2026-05-08 17:20:55] [INFO] 系统退出，所有数据已保存
[2026-05-08 17:23:32] [INFO] 系统退出，所有数据已保存
[2026-05-08 17:31:37] [OPERATION] [用户:000000] [角色:管理员] [操作:登录] [详情:管理员登录成功]
[2026-05-08 17:32:38] [OPERATION] [用户:400000] [角色:患者] [操作:登录] [详情:患者登录成功]
[2026-05-08 17:34:21] [INFO] 系统退出，所有数据已保存
[2026-05-08 17:34:44] [OPERATION] [用户:400000] [角色:患者] [操作:登录] [详情:患者登录成功]
[2026-05-08 17:36:29] [OPERATION] [用户:100000] [角色:医生] [操作:登录] [详情:医生登录成功]
[2026-05-08 17:39:30] [OPERATION] [用户:300000] [角色:药剂师] [操作:登录] [详情:药剂师登录成功]
[2026-05-08 17:40:13] [OPERATION] [用户:400000] [角色:患者] [操作:登录] [详情:患者登录成功]
[2026-05-08 17:40:56] [OPERATION] [用户:300000] [角色:药剂师] [操作:登录] [详情:药剂师登录成功]
[2026-05-08 17:43:27] [OPERATION] [用户:400000] [角色:患者] [操作:登录] [详情:患者登录成功]
[2026-05-08 17:44:32] [OPERATION] [用户:300000] [角色:药剂师] [操作:登录] [详情:药剂师登录成功]
[2026-05-08 17:53:39] [OPERATION] [用户:000000] [角色:管理员] [操作:登录] [详情:管理员登录成功]
[2026-05-08 17:54:35] [OPERATION] [用户:400000] [角色:患者] [操作:登录] [详情:患者登录成功]
[2026-05-08 17:55:50] [OPERATION] [用户:000000] [角色:管理员] [操作:登录] [详情:管理员登录成功]
[2026-05-08 17:56:20] [OPERATION] [用户:300000] [角色:药剂师] [操作:登录] [详情:药剂师登录成功]
[2026-05-08 17:57:12] [OPERATION] [用户:000000] [角色:管理员] [操作:登录] [详情:管理员登录成功]
[2026-05-08 17:58:14] [OPERATION] [用户:100000] [角色:医生] [操作:登录] [详情:医生登录成功]
[2026-05-08 17:59:57] [OPERATION] [用户:200000] [角色:护士] [操作:登录] [详情:护士登录成功]
[2026-05-08 18:02:55] [OPERATION] [用户:400000] [角色:患者] [操作:登录] [详情:患者登录成功]
[2026-05-08 18:03:50] [OPERATION] [用户:200000] [角色:护士] [操作:登录] [详情:护士登录成功]
[2026-05-08 18:06:23] [OPERATION] [用户:400000] [角色:患者] [操作:登录] [详情:患者登录成功]
[2026-05-08 18:12:23] [OPERATION] [用户:300000] [角色:药剂师] [操作:登录] [详情:药剂师登录成功]
[2026-05-08 18:17:28] [INFO] 系统退出，所有数据已保存
