[2026-05-13 09:12:49] [INFO] 系统退出，所有数据已保存
[2026-05-13 19:29:01] [INFO] 系统退出，所有数据已保存
[2026-05-13 19:33:24] [OPERATION] [用户:000000] [角色:管理员] [操作:登录] [详情:管理员登录成功]
[2026-05-13 19:36:59] [INFO] 系统退出，所有数据已保存
[2026-05-13 21:47:35] [INFO] 系统退出，所有数据已保存
[2026-05-13 22:01:41] [OPERATION] [用户:000000] [角色:管理员] [操作:登录] [详情:管理员登录成功]
[2026-05-13 22:03:10] [INFO] 系统退出，所有数据已保存
[2026-05-13 22:06:03] [INFO] 系统退出，所有数据已保存
[2026-05-13 22:07:16] [OPERATION] [用户:000000] [角色:管理员] [操作:登录] [详情:管理员登录成功]
[2026-05-13 22:12:31] [OPERATION] [用户:100000] [角色:医生] [操作:登录] [详情:医生登录成功]
[2026-05-13 22:17:25] [INFO] 系统退出，所有数据已保存
[2026-05-13 22:17:59] [OPERATION] [用户:100001] [角色:医生] [操作:登录] [详情:医生登录成功]
[2026-05-13 22:19:41] [INFO] 系统退出，所有数据已保存
[2026-05-13 22:21:00] [OPERATION] [用户:000000] [角色:管理员] [操作:登录] [详情:管理员登录成功]
[2026-05-13 22:23:53] [OPERATION] [用户:400000] [角色:患者] [操作:登录] [详情:患者登录成功]
[2026-05-13 22:42:38] [INFO] 系统退出，所有数据已保存
[2026-05-13 22:43:15] [OPERATION] [用户:400000] [角色:患者] [操作:登录] [详情:患者登录成功]
[2026-05-13 22:45:08] [OPERATION] [用户:100000] [角色:医生] [操作:登录] [详情:医生登录成功]
[2026-05-13 22:52:15] [OPERATION] [用户:100000] [角色:医生] [操作:登录] [详情:医生登录成功]
[2026-05-13 22:52:55] [OPERATION] [用户:200000] [角色:护士] [操作:登录] [详情:护士登录成功]
[2026-05-13 22:53:57] [OPERATION] [用户:100000] [角色:医生] [操作:登录] [详情:医生登录成功]
[2026-05-13 22:54:29] [OPERATION] [用户:200000] [角色:护士] [操作:登录] [详情:护士登录成功]
[2026-05-13 22:57:46] [OPERATION] [用户:300000] [角色:药剂师] [操作:登录] [详情:药剂师登录成功]
[2026-05-13 22:58:38] [OPERATION] [用户:100000] [角色:医生] [操作:登录] [详情:医生登录成功]
[2026-05-13 23:00:17] [OPERATION] [用户:300000] [角色:药剂师] [操作:登录] [详情:药剂师登录成功]
[2026-05-13 23:05:38] [OPERATION] [用户:400000] [角色:患者] [操作:登录] [详情:患者登录成功]
[2026-05-13 23:07:23] [OPERATION] [用户:300000] [角色:药剂师] [操作:登录] [详情:药剂师登录成功]
[2026-05-13 23:11:04] [OPERATION] [用户:400000] [角色:患者] [操作:登录] [详情:患者登录成功]
[2026-05-13 23:13:35] [INFO] 系统退出，所有数据已保存
[2026-05-13 23:13:54] [OPERATION] [用户:400000] [角色:患者] [操作:登录] [详情:患者登录成功]
[2026-05-13 23:15:08] [INFO] 系统退出，所有数据已保存
